App.tsx(3,80): error TS2307: Cannot find module 'react-router-dom' or its corresponding type declarations.
components/AudioOnlyChat.tsx(4,33): error TS2307: Cannot find module 'livekit-client' or its corresponding type declarations.
components/AudioOnlyChat.tsx(7,19): error TS2307: Cannot find module 'axios' or its corresponding type declarations.
components/BottomNav.tsx(3,25): error TS2307: Cannot find module 'react-router-dom' or its corresponding type declarations.
components/Card.tsx(3,22): error TS2307: Cannot find module 'react-router-dom' or its corresponding type declarations.
components/PageTransition.tsx(2,29): error TS2307: Cannot find module 'react-router-dom' or its corresponding type declarations.
components/PrivateRoute.tsx(2,39): error TS2307: Cannot find module 'react-router-dom' or its corresponding type declarations.
hooks/useGeminiLive.ts(3,64): error TS2307: Cannot find module '@google/genai' or its corresponding type declarations.
hooks/useLiveKitGemini.ts(2,64): error TS2307: Cannot find module '@google/genai' or its corresponding type declarations.
hooks/useLiveKitRoom.ts(15,8): error TS2307: Cannot find module 'livekit-client' or its corresponding type declarations.
index.tsx(3,22): error TS2307: Cannot find module 'react-dom/client' or its corresponding type declarations.
pages/GoogleCallback.tsx(2,46): error TS2307: Cannot find module 'react-router-dom' or its corresponding type declarations.
pages/GuidedLearning.tsx(3,22): error TS2307: Cannot find module 'react-router-dom' or its corresponding type declarations.
pages/HomeDashboard.tsx(3,22): error TS2307: Cannot find module 'react-router-dom' or its corresponding type declarations.
pages/IaChat.tsx(3,35): error TS2307: Cannot find module 'react-router-dom' or its corresponding type declarations.
pages/LiveKitChat.tsx(4,33): error TS2307: Cannot find module 'livekit-client' or its corresponding type declarations.
pages/MyProfile.tsx(4,90): error TS2307: Cannot find module 'recharts' or its corresponding type declarations.
pages/Register.tsx(2,35): error TS2307: Cannot find module 'react-router-dom' or its corresponding type declarations.
services/api.ts(1,19): error TS2307: Cannot find module 'axios' or its corresponding type declarations.
services/authService.ts(4,26): error TS2339: Property 'env' does not exist on type 'ImportMeta'.
services/geminiService.ts(2,29): error TS2307: Cannot find module '@google/genai' or its corresponding type declarations.
services/livekitTokenService.ts(69,28): error TS2339: Property 'env' does not exist on type 'ImportMeta'.
services/livekitTokenService.ts(72,25): error TS2339: Property 'env' does not exist on type 'ImportMeta'.
services/livekitTokenService.ts(73,28): error TS2339: Property 'env' does not exist on type 'ImportMeta'.
vite.config.ts(2,39): error TS2307: Cannot find module 'vite' or its corresponding type declarations.
vite.config.ts(3,19): error TS2307: Cannot find module '@vitejs/plugin-react' or its corresponding type declarations.
